<?xml version="1.0" encoding="UTF-8"?><out xmlns:baz1="http://xsl.lotus.com/ns1" xmlns:baz2="http://xsl.lotus.com/ns2">http://xsl.lotus.com/ns1</out>