<?xml version="1.0" encoding="UTF-8"?><out a="A1" b="B22" c="3" d="B22" e="C33" f="All Done"/>