<?xml version="1.0" encoding="UTF-8"?><out english="to leave" xmlns="www.lotus.com" xmlns:ped="http://tester.com"/>