<?xml version="1.0" encoding="UTF-8"?><out english="to leave" ped:attr="test" xmlns:ped="http://www.test.com"/>