<?xml version="1.0" encoding="UTF-8"?><out x="by the corner" xmlns:jad="http://administrator.com" xmlns:bdd="http://buster.com">
<sits x="little jack horner"/>
<minding x="his peas and queues"/></out>