<?xml version="1.0" encoding="UTF-8"?><sits x="little jack horner" xmlns:ljh="http://buster.com"/>
