<?xml version="1.0" encoding="UTF-8"?><out ext:size="big" english="to leave" xmlns:ext="http://somebody.elses.extension"/>