<?xml version="1.0" encoding="UTF-8"?><ped:out ped:english="to leave" xmlns:ped="http://tester.com"/>