<?xml version="1.0" encoding="UTF-8"?><bdd:out bdd:english="to leave" xmlns:bdd="http://buster.com"/>