<?xml version="1.0" encoding="UTF-8"?><out>
<first>hello</first><other/>
<first>goodbye</first><other/><other/>
<first>aloha</first>
<first>shalom</first><other/><other/></out>