<?xml version="1.0" encoding="UTF-8"?><out xmlns="zilch.com" xmlns:p1="testguys.com"><p1:foo><yyy/></p1:foo></out>