<?xml version="1.0" encoding="UTF-8"?><out bee:see="true" xmlns:bee="bee.com"/>