<?xml version="1.0" encoding="UTF-8"?><out>
<p anamespace:test="true" xmlns:anamespace="foo.com"/>
</out>
