<?xml version="1.0" encoding="UTF-8"?><xsl:stylesheet version="1.0" xmlns:lotus="http://www.lotus.com" xmlns:ped="www.ped.com" xmlns:xsl="http://www.w3.org/1999/XSL/Transform">
<xsl:template match="/">
<out>
		Yeee ha
      </out>
</xsl:template>
</xsl:stylesheet>
