<?xml version="1.0" encoding="UTF-8"?><out xmlns:foo="http://foo.com" xmlns:lotus="http://www.lotus.com"><doc>
<a>
<b/>
</a>
<c/>
</doc></out>