<?xml version="1.0" encoding="UTF-8"?>
<out xmlns="testguys.com" xmlns:ped="www.test.com"><inner><yyy/></inner></out>
