<?xml version="1.0" encoding="UTF-8"?>
<out xmlns="testguys.com" xmlns:ped="www.test.com"><inner xmlns="other.com"><yyy xmlns="testguys.com"/></inner></out>
