<?xml version="1.0" encoding="UTF-8"?><out><p ns0:test="true" xmlns:ns0="foo2.com"/></out>