<?xml version="1.0" encoding="ISO-8859-6"?><out><test>0626:Æ</test><test>062a:Ê</test></out>