<!DOCTYPE html SYSTEM "html.dtd">
<HTML></HTML>
