<HTML xmlns="http://www.w3.org/TR/REC-html40">
<jsp:setProperty name="blah" property="blah" value="blah" xmlns:jsp="http://www.w3.org/jsp"/>
<P/>
<p/>
<P/>
<hr size="8"/>
<hr size="8"/>
<br/>
<br/>
</HTML>
