<?xml version="1.0" encoding="UTF-8"?><out>
ASCII: abc
ISO-8859-1: æøå
CHINESE: 闉海井
ASTRAL: 𐀰¤𐀲
</out>