<?xml version="1.0" encoding="UTF-8"?><out><b>First element</b>
  Second element
  <FORM METHOD="post"><input type="length" size="30"/></FORM></out>