<?xml version="1.0" encoding="UTF-8"?><out xmlns:common="http://exslt.org/common">11</out>