<?xml version="1.0" encoding="UTF-8"?><out xmlns:exslt="http://exslt.org/common">:
    string;
    number;
    boolean;
    node-set;
    RTF;
  </out>