<?xml version="1.0" encoding="UTF-8"?><out xmlns:xyz="http://www.lotus.com">DATA</out>