<?xml version="1.0" encoding="UTF-8"?><out><footnote>hello</footnote>
<footnote>goodbye</footnote>
<footnote>aloha</footnote>
</out>