<?xml version="1.0" encoding="UTF-8"?><out>
<noted>subsection A2c</noted></out>