<?xml version="1.0" encoding="UTF-8"?><out><element1 text-decoration="underline" color="black" font-size="14pt"/></out>