<?xml version="1.0" encoding="UTF-8"?><out text-decoration="underline" color="black" font-size="14pt"/>