<?xml version="1.0" encoding="UTF-8"?><out test1="LRE Attribute" ped:test2="LRE Attribute" xmlns:ped="http://ped.test.com"/>