<?xml version="1.0" encoding="UTF-8"?><out text-decoration="none" color="black" font-size="14pt"/>