<?xml version="1.0" encoding="UTF-8"?><out alice="intoxicated" follow="theleader" rabbithole="deep" location="Wonderland"/>
