<?xml version="1.0" encoding="UTF-8"?><out rabbithole="deep" follow="yellowbrickroad" Alice="intoxicated" wife="thumbelina" location="Wonderland"/>
