<?xml version="1.0" encoding="UTF-8"?>
  Dmitry Hayes, XSLT4C team lead -
   DmitryDDmitry Hayes, XSLT4C team lead
  Matthew Hoyt, XSLT4C developer -
   MatthewMMatthew Hoyt, XSLT4C developer
  Dave Bertoni, XSLT4C advisor-guru -
   DaveDDave Bertoni, XSLT4C advisorguru
  
    June Ng, XSLT4C test-build-person
    Henry Zongaro, XSLT4J team lead
    Joanne Tong, XSLT4J, W3C rep.,Extreme-Blue
   -
   


    June Ng, XSLT4C testbuildperson
    Henry Zongaro, XSLT4J team lead
    Joanne Tong, XSLT4J, W3C rep.,ExtremeBlue
  June Ng, XSLT4C test-build-person -
   JuneJJune Ng, XSLT4C testbuildpersonHenry Zongaro, XSLT4J team lead -
   HenryHHenry Zongaro, XSLT4J team leadJoanne Tong, XSLT4J, W3C rep.,Extreme-Blue -
   JoanneJJoanne Tong, XSLT4J, W3C rep.,ExtremeBlue
