<HTML>
<HEAD>
<META http-equiv="Content-Type" content="text/html; charset=UTF-8">
<TITLE>XSLTC 1</TITLE>
</HEAD>
<BODY>
<H2>XSLTC 1: Things To Do</H2>
<p>
<font size="-1">See a 
          <a href="#developer-list">list of developers/initials.</a></font>
</p>
<font size="-1">
<p>Planned releases: 
            <BR>
<a href="#release-date-09/??/01">09/??/01</a>  <a href="#release-date-completed">Completed</a>
</p>
</font>
<p>
    
<a name="release-date-09/??/01"><b>For release: 09/??/01</b></a>
    , ????
    <BR>
<b>Goal </b>[conformance]: XSLT 1.0 compliant 100%.
    <BR>
<b>Goal </b>[performance]: Maintain current level.
    <BR>
<b>Goal </b>[stability]:  Stable, reasonable.
    <BR>
<b>Goal </b>[api]: API Complete.
    <BR>
<b>Goal </b>[documentation]: Documentation functionally complete.
   </p>
<p>1) 
     Modify Xalan test enviroment to test XSLTC as a component of XalanJ2.
   <BR>
<b>context:</b> test, packages:org.apache.xalan.xsltc, <b>category:</b> tests, <b>who:</b> <a href="#personref-TA, Shane">TA, Shane</a>, <b>priority:</b> high</p>
<p>2) 
       Finish the implementation of id() and key() in patterns.   
   <BR>
<b>context:</b> code, packages:org.apache.xalan.xsltc, <b>category:</b> feature, <b>who:</b> <a href="#personref-MJ">MJ</a>, <b>priority:</b> high</p>
<p>3) 
      Continue to improve the handling of name spaces. There are a number of
      bugs that are independent of the lack of namespace nodes.  
     (bugzilla 1411, 1506, 1518, 2582, 2801, 2857, 2859, 2863, 2535, 2954, 2840)    
   <BR>
<b>context:</b> code, packages:org.apache.xalan.xsltc, <b>category:</b> bug, <b>who:</b> <a href="#personref-??">??</a>, <b>priority:</b> high</p>
<p>4) 
    Fix bugs that impact the XSLTMark performance benchmark.
    (bugzilla 1376, 1498, 1512, 1532, 2351, 2517, 2553, 3065, 3066).          
   <BR>
<b>context:</b> code, packages:org.apache.xalan.xsltc, <b>category:</b> bug, <b>who:</b> <a href="#personref-??">??</a>, <b>priority:</b> high</p>
<p>5) 
       Fix bugs reflecting positional problems (1410, 1532, 2939).          
   <BR>
<b>context:</b> code, packages:org.apache.xalan.xsltc, <b>category:</b> bugs, <b>who:</b> <a href="#personref-TM">TM</a>, <b>priority:</b> high</p>
<p>6) 
      Fix bugs on dealing with XPATH/Axes expressions (1498, 2551, 2553, 2572, 2932).          
   <BR>
<b>context:</b> code, packages:org.apache.xalan.xsltc, <b>category:</b> bug, <b>who:</b> <a href="#personref-TM">TM</a>, <b>priority:</b> high</p>
<p>7) 
      Fix bugs involving template selection (1397, 2749, 2582, 2585, 2695, 2749, 2754, 2886, 2937).
   <BR>
<b>context:</b> code, packages:org.apache.xalan.xsltc, <b>category:</b> bug, <b>who:</b> <a href="#personref-??">??</a>, <b>priority:</b> medium</p>
<p>8) 
      Fix bugs affecting numbering (2901, 2931).
   <BR>
<b>context:</b> code, packages:org.apache.xalan.xsltc, <b>category:</b> bug, <b>who:</b> <a href="#personref-??">??</a>, <b>priority:</b> medium</p>
<p>9) 
      Fix bugs affecting comment and processing-intruction nodes (2599, 2834, 2858).
   <BR>
<b>context:</b> code, packages:org.apache.xalan.xsltc, <b>category:</b> bug, <b>who:</b> <a href="#personref-??">??</a>, <b>priority:</b> medium</p>
<p>10) 
     Implement name space nodes (bugzilla 1379).
   <BR>
<b>context:</b> code, packages:org.apache.xalan.xsltc, <b>category:</b> feature, <b>who:</b> <a href="#personref-MJ">MJ</a>, <b>priority:</b> low</p>
<p>11) 
      Implement an extension to support the redirection of output to multiple
      output files from within a stylesheet (equivalent to xalan:redirect or
      saxon:output).  Note: Task may be implemented as a result of integrating Xsltc and Xalan 
     and using shared code.
   <BR>
<b>context:</b> code, packages:????, <b>category:</b> feature, integration with Xalan, <b>who:</b> <a href="#personref-??">??</a>, <b>priority:</b> medium</p>
<p>12) 
     Implement a node-set extension to convert result tree fragments to
     node-sets. This enables sorting and grouping of nodes assigned to a tree 
     variable. Note: Task may be implemented as a result of integrating Xsltc and Xalan 
     and using shared code.
   <BR>
<b>context:</b> code, packages:????, <b>category:</b> feature, integration with Xalan, <b>who:</b> <a href="#personref-??">??</a>, <b>priority:</b> medium</p>
<p>13) 
      Add support for nonstatic external Java functions.  
      Note: Task may be implemented as a result of integrating Xsltc and Xalan 
      and using shared code.
   <BR>
<b>context:</b> code, packages:????, <b>category:</b> feature, integration with Xalan, <b>who:</b> <a href="#personref-??">??</a>, <b>priority:</b> medium</p>
<p>14) 
    Fix bugs affecting the correctness of ouput 
    (1439, 1504, 1512, 1516, 1520, 1525, 2517, 2520, 2578, 2948, 2951, 2952, 2954, 3005, 3065).
     Note: Task may be implemented as a result of integrating Xsltc and Xalan 
     and using shared code.
   <BR>
<b>context:</b> code, packages:????, <b>category:</b> feature, integration with Xalan, <b>who:</b> <a href="#personref-??">??</a>, <b>priority:</b> medium</p>
<p>15) 
    Use SAX to build the AST. The DOM builder
   (the real DOM builder, not our quasi-DOM builder) receives SAX
   events when it builds the DOM. The compiler.Parser class could
   possible receive these SAX events directly, and thereby eliminating
   the need for a DOM (saves loads of time and memory).
   <BR>
<b>context:</b> code, AST, <b>category:</b> architecture, <b>who:</b> <a href="#personref-??">??</a>, <b>priority:</b> medium</p>
<p>16) 
      Consider building a DOM-2-'DOM' converter, perhaps by adding 
      a second DOM builder inner class to our DOM. Then we would have 
      one SAX DOM builder and one DOM DOM builder. I don't know if
      JAXP lets you supply the stylesheet as a DOM. If it doesn't, 
      we should assign this task a very low priority. There is no
      point in spending a lot of time on this if JAXP users will 
      never be able to use this functionality.
    <BR>
<b>context:</b> code, DOM, <b>category:</b> architecture, <b>who:</b> <a href="#personref-??">??</a>, <b>priority:</b> medium</p>
<HR>
<H3>
<a name="developer-list">Developers:</a>
</H3>
<p>A list of some of people currently working on working on XSLTC:</p>
<ul>
<li>
<a href="mailto:jacek_ambroziak@yahoo.com">Jacek Ambroziak</a><a name="personref-JA"> (JA)</a>
<BR>
     Inventor, architect, former lead developer and evangelist.
   </li>
<li>
<a href="mailto:Tom.Amiro@Sun.COM">Tom Amiro</a><a name="personref-TA"> (TA)</a>
<BR>
     Testing.
   </li>
<li>
<a href="mailto:morten@xml.apache.org">Morten J&Oslash;rgensen</a><a name="personref-MJ"> (MJ)</a>
<BR>
     Lead developer - key contributor on design documentation, ID/Keys, performance, JAXP, and continuing development in general.
   </li>
<li>
<a href="mailto:Glenn.Miller@Sun.COM">G. Todd Miller</a><a name="personref-TM"> (TM)</a>
<BR>
     Developer - key contributor on TrAX.
   </li>
<li>
<a href="mailto:santiago@cs.bu.edu">Santiago Pericas-Geertsen</a><a name="personref-SP"> (SP)</a>
<BR>
     Developer - key contributor on compilation strategy.
   </li>
</ul>
</BODY>
</HTML>
