<?xml version="1.0" encoding="UTF-8"?><out xmlns:xalan="http://xml.apache.org/xalan">
<global>
<lineNumber>1</lineNumber>
<columnNumber>1</columnNumber>
<systemId>file:///C:/Users/Michele/Documents/workspace-sts-3.2.0.RELEASE/xalan-test/tests/bugzilla/BugzillaNodeInfo.xml</systemId>
<publicId/>
</global>
<rtf>
<lineNumber>-1</lineNumber>
<columnNumber>-1</columnNumber>
<systemId/>
<publicId/>
</rtf>
<elems>
<elem>
<lineNumber>4</lineNumber>
<columnNumber>29</columnNumber>
<systemId>file:///C:/Users/Michele/Documents/workspace-sts-3.2.0.RELEASE/xalan-test/tests/bugzilla/BugzillaNodeInfo.xml</systemId>
<publicId/>
</elem>
<elem>
<lineNumber>5</lineNumber>
<columnNumber>41</columnNumber>
<systemId>file:///C:/Users/Michele/Documents/workspace-sts-3.2.0.RELEASE/xalan-test/tests/bugzilla/BugzillaNodeInfo.xml</systemId>
<publicId/>
</elem>
<elem>
<lineNumber>6</lineNumber>
<columnNumber>34</columnNumber>
<systemId>file:///C:/Users/Michele/Documents/workspace-sts-3.2.0.RELEASE/xalan-test/tests/bugzilla/BugzillaNodeInfo.xml</systemId>
<publicId/>
</elem>
</elems>
</out>
