<?xml version="1.0" encoding="UTF-8"?><out>
<ns-count attr="x" count="0"/>
<ns-count attr="test:y" count="0"/>
<ns-count attr="jad:z" count="0"/>
</out>
