<?xml version="1.0" encoding="UTF-8"?><out xmlns:b="name-b" xmlns:c="namc-c" xmlns:a="name-a">

<a:root/>
	<a>name-a</a>,
	<xml>http://www.w3.org/XML/1998/namespace</xml>,

<b:sub/>
	<a>name-a</a>,
	<b>name-b</b>,
	<xml>http://www.w3.org/XML/1998/namespace</xml>,

<c:sub/>
	<a>name-a</a>,
	<c>name-c</c>,
	<xml>http://www.w3.org/XML/1998/namespace</xml>,
</out>