<?xml-stylesheet type="text/xsl" href="../xsl/foo.xsl">
<foo:document xmlns:bar="http://apache.org/bar" xmlns:foo="http://apache.org/foo" creation-date="971255692078" file-name="test" file-path="work">

<bar:element>MyBar</bar:element>

</foo:document>
