<?xml version="1.0" encoding="UTF-8"?><out>;
      6;
      1;
      3;
      0;
      8;
      0;
      0;
    </out>